
   WARN  Unable to respect the `PHP_CLI_SERVER_WORKERS` environment variable without the `--no-reload` flag. Only creating a single server.

   INFO  Server running on [http://127.0.0.1:8000].

  Press Ctrl+C to stop the server

  2026-07-30 06:57:55 / .......................................... ~ 500.49ms
  2026-07-30 06:59:18 /login ....................................... ~ 0.12ms
  2026-07-30 06:59:18 /build/assets/app-Th_wb2pE.css ............... ~ 0.04ms
  2026-07-30 06:59:18 /build/assets/login-B_D3X_9w.js .............. ~ 0.07ms
  2026-07-30 06:59:18 /build/assets/input-error-C3K7Uo8-.js ........ ~ 0.19ms
  2026-07-30 06:59:18 /build/assets/text-link-B5u3lSgd.js .......... ~ 0.35ms
  2026-07-30 06:59:19 /build/assets/app-logo-icon-D_xefw_3.js ...... ~ 0.52ms
  2026-07-30 06:59:19 /build/assets/checkbox-BbgFQs37.js ........... ~ 0.60ms
  2026-07-30 06:59:18 /build/assets/app-CIWlN-lJ.js ................ ~ 0.75ms
  2026-07-30 06:59:19 /build/assets/index-ckG7WCkF.js .............. ~ 0.06ms
  2026-07-30 06:59:19 /build/assets/label-Jjn1SYZa.js .............. ~ 0.24ms
  2026-07-30 06:59:19 /build/assets/auth-layout-Cvqg8nDn.js ........ ~ 0.42ms
  2026-07-30 06:59:19 /build/assets/utils-CHZDokM3.js .............. ~ 0.56ms
  2026-07-30 06:59:19 /build/assets/index-luL_Ks2w.js .............. ~ 0.69ms
  2026-07-30 06:59:19 /build/assets/check-DCj8k6S6.js .............. ~ 0.31ms
  2026-07-30 06:59:19 /build/assets/app-Th_wb2pE.css ............... ~ 0.11ms
  2026-07-30 06:59:19 /logo3.jpeg .................................. ~ 0.11ms
  2026-07-30 06:59:21 /login ..................................... ~ 500.48ms
  2026-07-30 06:59:22 /dashboard ................................... ~ 0.03ms
  2026-07-30 06:59:22 /build/assets/dashboard-D7dQpoUQ.js .......... ~ 0.08ms
  2026-07-30 06:59:22 /build/assets/floating-ui.react-dom-BvBEi-Br.js  ~ 0.18ms
  2026-07-30 06:59:22 /build/assets/app-layout-R_Jt4Ncg.js ......... ~ 0.25ms
  2026-07-30 06:59:22 /build/assets/PieChart-DB-bHzlO.js ........... ~ 0.34ms
  2026-07-30 06:59:22 /build/assets/with-selector-5m8D8T0x.js ...... ~ 0.46ms
  2026-07-30 06:59:22 /build/assets/circle-alert-CcyLCgGT.js ....... ~ 0.54ms
  2026-07-30 06:59:22 /logo4.jpeg .................................. ~ 0.13ms
  2026-07-30 06:59:23 /materials ................................... ~ 0.10ms
  2026-07-30 06:59:24 /build/assets/app-Th_wb2pE.css ............... ~ 0.11ms
  2026-07-30 06:59:24 /build/assets/index-B1d1f4gU.js .............. ~ 0.07ms
  2026-07-30 06:59:24 /build/assets/delete-confirmation-modal-B_DNcVal.js  ~ 0.22ms
  2026-07-30 06:59:24 /build/assets/plus-Bih7FFuL.js ............... ~ 0.27ms
  2026-07-30 06:59:24 /build/assets/search-2FV0O587.js ............. ~ 0.44ms
  2026-07-30 06:59:24 /build/assets/pen-line-BR-1yHtz.js ........... ~ 0.62ms
  2026-07-30 06:59:24 /build/assets/trash-2-D4ioOfWV.js ............ ~ 0.76ms
  2026-07-30 06:59:24 /build/assets/dialog-DmaykLJj.js ............. ~ 0.07ms
  2026-07-30 06:59:24 /build/assets/app-CIWlN-lJ.js ................ ~ 0.20ms
  2026-07-30 06:59:24 /build/assets/app-layout-R_Jt4Ncg.js ......... ~ 0.35ms
  2026-07-30 06:59:24 /build/assets/app-logo-icon-D_xefw_3.js ...... ~ 0.45ms
  2026-07-30 06:59:24 /build/assets/utils-CHZDokM3.js .............. ~ 0.54ms
  2026-07-30 06:59:24 /build/assets/index-ckG7WCkF.js .............. ~ 0.79ms
  2026-07-30 06:59:24 /build/assets/index-luL_Ks2w.js .............. ~ 0.05ms
  2026-07-30 06:59:25 /build/assets/floating-ui.react-dom-BvBEi-Br.js  ~ 0.19ms
  2026-07-30 06:59:25 /build/assets/check-DCj8k6S6.js .............. ~ 0.24ms
  2026-07-30 06:59:25 /build/assets/app-Th_wb2pE.css ............... ~ 0.11ms
  2026-07-30 06:59:26 /logo4.jpeg .................................. ~ 0.13ms
  2026-07-30 06:59:26 /logo3.jpeg .................................. ~ 0.48ms
  2026-07-30 06:59:29 /materials ................................... ~ 0.11ms
  2026-07-30 06:59:29 /materials ................................... ~ 0.14ms
  2026-07-30 07:00:57 /login ..................................... ~ 500.51ms
  2026-07-30 07:00:57 /build/assets/app-Th_wb2pE.css ............... ~ 0.04ms
  2026-07-30 07:00:57 /build/assets/login-B_D3X_9w.js .............. ~ 0.07ms
  2026-07-30 07:00:57 /build/assets/input-error-C3K7Uo8-.js ........ ~ 0.26ms
  2026-07-30 07:00:57 /build/assets/text-link-B5u3lSgd.js .......... ~ 0.36ms
  2026-07-30 07:00:57 /build/assets/app-logo-icon-D_xefw_3.js ...... ~ 0.56ms
  2026-07-30 07:00:57 /build/assets/app-CIWlN-lJ.js ................ ~ 0.69ms
  2026-07-30 07:00:57 /build/assets/checkbox-BbgFQs37.js ........... ~ 0.80ms
  2026-07-30 07:00:57 /build/assets/index-ckG7WCkF.js .............. ~ 0.06ms
  2026-07-30 07:00:57 /build/assets/label-Jjn1SYZa.js .............. ~ 0.26ms
  2026-07-30 07:00:57 /build/assets/auth-layout-Cvqg8nDn.js ........ ~ 0.44ms
  2026-07-30 07:00:57 /build/assets/utils-CHZDokM3.js .............. ~ 0.55ms
  2026-07-30 07:00:57 /build/assets/index-luL_Ks2w.js .............. ~ 0.68ms
  2026-07-30 07:00:57 /build/assets/check-DCj8k6S6.js .............. ~ 0.61ms
  2026-07-30 07:00:57 /build/assets/app-Th_wb2pE.css ............... ~ 0.03ms
  2026-07-30 07:00:57 /logo3.jpeg .................................. ~ 0.13ms
  2026-07-30 07:00:59 /login ..................................... ~ 501.29ms
  2026-07-30 07:01:00 /dashboard ................................... ~ 0.03ms
  2026-07-30 07:01:00 /build/assets/dashboard-D7dQpoUQ.js .......... ~ 0.09ms
  2026-07-30 07:01:00 /build/assets/floating-ui.react-dom-BvBEi-Br.js  ~ 1.07ms
  2026-07-30 07:01:00 /build/assets/app-layout-R_Jt4Ncg.js ......... ~ 1.15ms
  2026-07-30 07:01:00 /build/assets/with-selector-5m8D8T0x.js ...... ~ 1.24ms
  2026-07-30 07:01:00 /build/assets/PieChart-DB-bHzlO.js ........... ~ 1.55ms
  2026-07-30 07:01:00 /build/assets/circle-alert-CcyLCgGT.js ....... ~ 1.66ms
  2026-07-30 07:01:00 /logo4.jpeg .................................. ~ 0.10ms
  2026-07-30 07:01:01 /expenses .................................... ~ 0.10ms
  2026-07-30 07:01:01 /build/assets/app-Th_wb2pE.css ............... ~ 0.03ms
  2026-07-30 07:01:01 /build/assets/index-DIGV8iwh.js .............. ~ 0.07ms
  2026-07-30 07:01:01 /build/assets/delete-confirmation-modal-B_DNcVal.js  ~ 0.22ms
  2026-07-30 07:01:01 /build/assets/app-CIWlN-lJ.js ................ ~ 0.27ms
  2026-07-30 07:01:01 /build/assets/app-layout-R_Jt4Ncg.js ......... ~ 0.43ms
  2026-07-30 07:01:01 /build/assets/MaterialItemsForm-2_BSU5jZ.js .. ~ 0.53ms
  2026-07-30 07:01:01 /build/assets/PayrollForm-BgSpPAqb.js ........ ~ 0.59ms
  2026-07-30 07:01:01 /build/assets/tag-DhDOd3t1.js ................ ~ 0.32ms
  2026-07-30 07:01:01 /build/assets/plus-Bih7FFuL.js ............... ~ 0.19ms
  2026-07-30 07:01:01 /build/assets/search-2FV0O587.js ............. ~ 0.38ms
  2026-07-30 07:01:01 /build/assets/trash-2-D4ioOfWV.js ............ ~ 0.06ms
  2026-07-30 07:01:01 /build/assets/pen-line-BR-1yHtz.js ........... ~ 0.69ms
  2026-07-30 07:01:01 /build/assets/dialog-DmaykLJj.js ............. ~ 0.30ms
  2026-07-30 07:01:01 /build/assets/searchable-select-CEAFBFz7.js .. ~ 0.42ms
  2026-07-30 07:01:01 /build/assets/transition-CTg85Aqp.js ......... ~ 0.47ms
  2026-07-30 07:01:01 /build/assets/app-logo-icon-D_xefw_3.js ...... ~ 0.05ms
  2026-07-30 07:01:01 /build/assets/utils-CHZDokM3.js .............. ~ 0.19ms
  2026-07-30 07:01:01 /build/assets/index-ckG7WCkF.js .............. ~ 0.33ms
  2026-07-30 07:01:01 /build/assets/index-luL_Ks2w.js .............. ~ 0.46ms
  2026-07-30 07:01:01 /build/assets/floating-ui.react-dom-BvBEi-Br.js  ~ 0.62ms
  2026-07-30 07:01:01 /build/assets/check-DCj8k6S6.js .............. ~ 0.10ms
  2026-07-30 07:01:01 /build/assets/with-selector-5m8D8T0x.js ...... ~ 0.22ms
  2026-07-30 07:01:01 /build/assets/app-Th_wb2pE.css ............. ~ 500.56ms
  2026-07-30 07:01:01 /logo4.jpeg .................................. ~ 0.04ms
  2026-07-30 07:01:01 /logo3.jpeg .................................. ~ 0.32ms
  2026-07-30 07:01:01 /employees/payroll-eligible .................. ~ 0.03ms
  2026-07-30 07:02:19 /login ....................................... ~ 0.12ms
  2026-07-30 07:02:19 /build/assets/app-Th_wb2pE.css ............... ~ 0.05ms
  2026-07-30 07:02:19 /build/assets/login-B_D3X_9w.js .............. ~ 0.18ms
  2026-07-30 07:02:19 /build/assets/input-error-C3K7Uo8-.js ........ ~ 0.35ms
  2026-07-30 07:02:19 /build/assets/text-link-B5u3lSgd.js .......... ~ 0.47ms
  2026-07-30 07:02:19 /build/assets/app-CIWlN-lJ.js ................ ~ 0.61ms
  2026-07-30 07:02:19 /build/assets/app-logo-icon-D_xefw_3.js ...... ~ 0.72ms
  2026-07-30 07:02:19 /build/assets/checkbox-BbgFQs37.js ........... ~ 0.80ms
  2026-07-30 07:02:19 /build/assets/index-ckG7WCkF.js .............. ~ 0.63ms
  2026-07-30 07:02:19 /build/assets/label-Jjn1SYZa.js .............. ~ 0.34ms
  2026-07-30 07:02:19 /build/assets/auth-layout-Cvqg8nDn.js ........ ~ 0.48ms
  2026-07-30 07:02:19 /build/assets/utils-CHZDokM3.js .............. ~ 0.57ms
  2026-07-30 07:02:19 /build/assets/check-DCj8k6S6.js .............. ~ 0.17ms
  2026-07-30 07:02:19 /build/assets/index-luL_Ks2w.js .............. ~ 0.58ms
  2026-07-30 07:02:19 /build/assets/app-Th_wb2pE.css ............... ~ 0.03ms
  2026-07-30 07:02:19 /logo3.jpeg .................................. ~ 0.03ms
  2026-07-30 07:02:22 /login ..................................... ~ 501.83ms
  2026-07-30 07:02:22 /dashboard ................................... ~ 0.03ms
  2026-07-30 07:02:22 /build/assets/dashboard-D7dQpoUQ.js .......... ~ 0.04ms
  2026-07-30 07:02:22 /build/assets/floating-ui.react-dom-BvBEi-Br.js  ~ 0.06ms
  2026-07-30 07:02:22 /build/assets/app-layout-R_Jt4Ncg.js ......... ~ 0.25ms
  2026-07-30 07:02:22 /build/assets/with-selector-5m8D8T0x.js ...... ~ 0.44ms
  2026-07-30 07:02:22 /build/assets/circle-alert-CcyLCgGT.js ....... ~ 0.53ms
  2026-07-30 07:02:22 /build/assets/PieChart-DB-bHzlO.js ........... ~ 0.68ms
  2026-07-30 07:02:22 /logo4.jpeg .................................. ~ 0.03ms
  2026-07-30 07:02:23 /expenses .................................... ~ 0.10ms
  2026-07-30 07:02:23 /build/assets/app-Th_wb2pE.css ............... ~ 0.07ms
  2026-07-30 07:02:23 /build/assets/index-DIGV8iwh.js .............. ~ 0.23ms
  2026-07-30 07:02:23 /build/assets/delete-confirmation-modal-B_DNcVal.js  ~ 0.44ms
  2026-07-30 07:02:23 /build/assets/MaterialItemsForm-2_BSU5jZ.js .. ~ 0.49ms
  2026-07-30 07:02:23 /build/assets/PayrollForm-BgSpPAqb.js ........ ~ 0.55ms
  2026-07-30 07:02:23 /build/assets/app-CIWlN-lJ.js ................ ~ 0.72ms
  2026-07-30 07:02:23 /build/assets/tag-DhDOd3t1.js ................ ~ 0.75ms
  2026-07-30 07:02:23 /build/assets/plus-Bih7FFuL.js ............... ~ 0.20ms
  2026-07-30 07:02:23 /build/assets/search-2FV0O587.js ............. ~ 0.33ms
  2026-07-30 07:02:23 /build/assets/pen-line-BR-1yHtz.js ........... ~ 0.53ms
  2026-07-30 07:02:23 /build/assets/trash-2-D4ioOfWV.js ............ ~ 0.67ms
  2026-07-30 07:02:23 /build/assets/app-layout-R_Jt4Ncg.js ......... ~ 0.36ms
  2026-07-30 07:02:23 /build/assets/dialog-DmaykLJj.js ............. ~ 0.50ms
  2026-07-30 07:02:23 /build/assets/searchable-select-CEAFBFz7.js .. ~ 0.64ms
  2026-07-30 07:02:23 /build/assets/transition-CTg85Aqp.js ......... ~ 0.56ms
  2026-07-30 07:02:23 /build/assets/app-logo-icon-D_xefw_3.js ...... ~ 0.72ms
  2026-07-30 07:02:23 /build/assets/utils-CHZDokM3.js .............. ~ 0.55ms
  2026-07-30 07:02:23 /build/assets/index-ckG7WCkF.js .............. ~ 0.66ms
  2026-07-30 07:02:23 /build/assets/index-luL_Ks2w.js .............. ~ 0.05ms
  2026-07-30 07:02:23 /build/assets/floating-ui.react-dom-BvBEi-Br.js  ~ 0.17ms
  2026-07-30 07:02:23 /build/assets/check-DCj8k6S6.js .............. ~ 0.23ms
  2026-07-30 07:02:23 /build/assets/with-selector-5m8D8T0x.js ...... ~ 0.35ms
  2026-07-30 07:02:23 /build/assets/app-Th_wb2pE.css ............... ~ 0.02ms
  2026-07-30 07:02:23 /logo4.jpeg .................................. ~ 0.03ms
  2026-07-30 07:02:23 /logo3.jpeg .................................. ~ 0.31ms
  2026-07-30 07:02:23 /employees/payroll-eligible ................ ~ 500.52ms
  2026-07-30 07:02:32 /expenses .................................... ~ 0.11ms
  2026-07-30 07:02:32 /expenses .................................... ~ 0.03ms
  2026-07-30 07:02:32 /employees/payroll-eligible .................. ~ 0.04ms
  2026-07-30 07:02:34 /expenses/1 .................................. ~ 0.11ms
  2026-07-30 07:02:34 /build/assets/show-CodelT6P.js ............... ~ 0.05ms
  2026-07-30 07:02:34 /build/assets/arrow-left-DHATBRaj.js ......... ~ 0.39ms
  2026-07-30 07:02:34 /build/assets/calendar-BW-dHaVo.js ........... ~ 0.35ms
  2026-07-30 07:02:34 /build/assets/credit-card-B2w0iBFw.js ........ ~ 0.46ms
  2026-07-30 07:02:34 /build/assets/user-l3RYCdX-.js ............... ~ 0.58ms
  2026-07-30 07:02:34 /build/assets/briefcase-DUff4aab.js .......... ~ 0.98ms
  2026-07-30 07:03:31 /login ....................................... ~ 0.11ms
  2026-07-30 07:03:32 /build/assets/app-Th_wb2pE.css ............... ~ 0.03ms
  2026-07-30 07:03:32 /build/assets/login-B_D3X_9w.js .............. ~ 0.07ms
  2026-07-30 07:03:32 /build/assets/input-error-C3K7Uo8-.js ........ ~ 0.26ms
  2026-07-30 07:03:32 /build/assets/text-link-B5u3lSgd.js .......... ~ 0.36ms
  2026-07-30 07:03:32 /build/assets/app-logo-icon-D_xefw_3.js ...... ~ 0.47ms
  2026-07-30 07:03:32 /build/assets/checkbox-BbgFQs37.js ........... ~ 0.55ms
  2026-07-30 07:03:32 /build/assets/app-CIWlN-lJ.js ................ ~ 0.71ms
  2026-07-30 07:03:32 /build/assets/index-ckG7WCkF.js .............. ~ 0.06ms
  2026-07-30 07:03:32 /build/assets/label-Jjn1SYZa.js .............. ~ 0.21ms
  2026-07-30 07:03:32 /build/assets/auth-layout-Cvqg8nDn.js ........ ~ 0.88ms
  2026-07-30 07:03:32 /build/assets/utils-CHZDokM3.js .............. ~ 1.00ms
  2026-07-30 07:03:32 /build/assets/index-luL_Ks2w.js .............. ~ 1.14ms
  2026-07-30 07:03:32 /build/assets/check-DCj8k6S6.js .............. ~ 0.04ms
  2026-07-30 07:03:32 /build/assets/app-Th_wb2pE.css ............... ~ 0.03ms
  2026-07-30 07:03:32 /logo3.jpeg .................................. ~ 0.03ms
  2026-07-30 07:03:34 /login ..................................... ~ 500.57ms
  2026-07-30 07:03:34 /dashboard ................................... ~ 0.04ms
  2026-07-30 07:03:34 /build/assets/dashboard-D7dQpoUQ.js .......... ~ 0.08ms
  2026-07-30 07:03:34 /build/assets/floating-ui.react-dom-BvBEi-Br.js  ~ 0.23ms
  2026-07-30 07:03:34 /build/assets/app-layout-R_Jt4Ncg.js ......... ~ 0.31ms
  2026-07-30 07:03:34 /build/assets/PieChart-DB-bHzlO.js ........... ~ 0.42ms
  2026-07-30 07:03:34 /build/assets/with-selector-5m8D8T0x.js ...... ~ 0.53ms
  2026-07-30 07:03:34 /build/assets/circle-alert-CcyLCgGT.js ....... ~ 0.62ms
  2026-07-30 07:03:34 /logo4.jpeg .................................. ~ 0.15ms
  2026-07-30 07:03:35 /expenses .................................... ~ 0.11ms
  2026-07-30 07:03:35 /build/assets/app-Th_wb2pE.css ............... ~ 0.03ms
  2026-07-30 07:03:35 /build/assets/index-DIGV8iwh.js .............. ~ 0.05ms
  2026-07-30 07:03:35 /build/assets/app-CIWlN-lJ.js ................ ~ 0.22ms
  2026-07-30 07:03:35 /build/assets/delete-confirmation-modal-B_DNcVal.js  ~ 0.07ms
  2026-07-30 07:03:35 /build/assets/MaterialItemsForm-2_BSU5jZ.js .. ~ 0.14ms
  2026-07-30 07:03:35 /build/assets/PayrollForm-BgSpPAqb.js ........ ~ 0.19ms
  2026-07-30 07:03:35 /build/assets/tag-DhDOd3t1.js ................ ~ 0.30ms
  2026-07-30 07:03:35 /build/assets/app-layout-R_Jt4Ncg.js ......... ~ 0.45ms
  2026-07-30 07:03:35 /build/assets/plus-Bih7FFuL.js ............... ~ 0.66ms
  2026-07-30 07:03:35 /build/assets/search-2FV0O587.js ............. ~ 0.22ms
  2026-07-30 07:03:35 /build/assets/pen-line-BR-1yHtz.js ........... ~ 0.34ms
  2026-07-30 07:03:35 /build/assets/trash-2-D4ioOfWV.js ............ ~ 0.47ms
  2026-07-30 07:03:35 /build/assets/dialog-DmaykLJj.js ............. ~ 0.59ms
  2026-07-30 07:03:35 /build/assets/searchable-select-CEAFBFz7.js .. ~ 0.62ms
  2026-07-30 07:03:35 /build/assets/transition-CTg85Aqp.js ......... ~ 0.51ms
  2026-07-30 07:03:35 /build/assets/app-logo-icon-D_xefw_3.js ...... ~ 0.31ms
  2026-07-30 07:03:35 /build/assets/utils-CHZDokM3.js .............. ~ 0.41ms
  2026-07-30 07:03:35 /build/assets/index-ckG7WCkF.js .............. ~ 0.54ms
  2026-07-30 07:03:35 /build/assets/index-luL_Ks2w.js .............. ~ 0.54ms
  2026-07-30 07:03:35 /build/assets/floating-ui.react-dom-BvBEi-Br.js  ~ 0.04ms
  2026-07-30 07:03:35 /build/assets/check-DCj8k6S6.js .............. ~ 0.09ms
  2026-07-30 07:03:35 /build/assets/with-selector-5m8D8T0x.js ...... ~ 0.28ms
  2026-07-30 07:03:35 /build/assets/app-Th_wb2pE.css ............... ~ 0.03ms
  2026-07-30 07:03:35 /logo4.jpeg .................................. ~ 0.03ms
  2026-07-30 07:03:35 /logo3.jpeg .................................. ~ 0.27ms
  2026-07-30 07:03:35 /employees/payroll-eligible .................. ~ 0.02ms
  2026-07-30 07:03:45 /expenses .................................... ~ 0.15ms
  2026-07-30 07:03:45 /expenses .................................... ~ 0.03ms
  2026-07-30 07:03:45 /employees/payroll-eligible .................. ~ 0.02ms
  2026-07-30 07:03:48 /expenses/3 .................................. ~ 0.10ms
  2026-07-30 07:03:48 /build/assets/show-CodelT6P.js ............... ~ 0.09ms
  2026-07-30 07:03:48 /build/assets/arrow-left-DHATBRaj.js ......... ~ 0.23ms
  2026-07-30 07:03:48 /build/assets/calendar-BW-dHaVo.js ........... ~ 0.32ms
  2026-07-30 07:03:48 /build/assets/credit-card-B2w0iBFw.js ........ ~ 0.43ms
  2026-07-30 07:03:48 /build/assets/user-l3RYCdX-.js ............... ~ 0.52ms
  2026-07-30 07:03:48 /build/assets/briefcase-DUff4aab.js .......... ~ 0.66ms
  2026-07-30 07:05:51 /login ....................................... ~ 0.13ms
  2026-07-30 07:05:51 /build/assets/app-Th_wb2pE.css ............... ~ 0.04ms
  2026-07-30 07:05:51 /build/assets/app-CIWlN-lJ.js ................ ~ 0.07ms
  2026-07-30 07:05:51 /build/assets/login-B_D3X_9w.js .............. ~ 0.32ms
  2026-07-30 07:05:51 /build/assets/input-error-C3K7Uo8-.js ........ ~ 0.50ms
  2026-07-30 07:05:51 /build/assets/text-link-B5u3lSgd.js .......... ~ 0.60ms
  2026-07-30 07:05:51 /build/assets/app-logo-icon-D_xefw_3.js ...... ~ 0.72ms
  2026-07-30 07:05:51 /build/assets/checkbox-BbgFQs37.js ........... ~ 0.81ms
  2026-07-30 07:05:51 /build/assets/index-ckG7WCkF.js .............. ~ 0.07ms
  2026-07-30 07:05:51 /build/assets/label-Jjn1SYZa.js .............. ~ 0.21ms
  2026-07-30 07:05:51 /build/assets/auth-layout-Cvqg8nDn.js ........ ~ 0.33ms
  2026-07-30 07:05:51 /build/assets/utils-CHZDokM3.js .............. ~ 0.55ms
  2026-07-30 07:05:51 /build/assets/index-luL_Ks2w.js .............. ~ 0.69ms
  2026-07-30 07:05:51 /build/assets/check-DCj8k6S6.js .............. ~ 0.83ms
  2026-07-30 07:05:51 /build/assets/app-Th_wb2pE.css ............... ~ 0.03ms
  2026-07-30 07:05:51 /logo3.jpeg .................................. ~ 0.03ms
  2026-07-30 07:05:53 /login ..................................... ~ 500.81ms
  2026-07-30 07:05:54 /dashboard ................................... ~ 0.03ms
  2026-07-30 07:05:54 /build/assets/dashboard-D7dQpoUQ.js .......... ~ 0.22ms
  2026-07-30 07:05:54 /build/assets/floating-ui.react-dom-BvBEi-Br.js  ~ 0.28ms
  2026-07-30 07:05:54 /build/assets/app-layout-R_Jt4Ncg.js ......... ~ 0.49ms
  2026-07-30 07:05:54 /build/assets/with-selector-5m8D8T0x.js ...... ~ 0.45ms
  2026-07-30 07:05:54 /build/assets/PieChart-DB-bHzlO.js ........... ~ 0.55ms
  2026-07-30 07:05:54 /build/assets/circle-alert-CcyLCgGT.js ....... ~ 0.66ms
  2026-07-30 07:05:54 /logo4.jpeg .................................. ~ 0.12ms
  2026-07-30 07:05:55 /units ..................................... ~ 500.52ms
  2026-07-30 07:05:55 /build/assets/app-Th_wb2pE.css ............... ~ 0.05ms
  2026-07-30 07:05:55 /build/assets/index-DauAQte4.js .............. ~ 0.07ms
  2026-07-30 07:05:55 /build/assets/delete-confirmation-modal-B_DNcVal.js  ~ 0.21ms
  2026-07-30 07:05:55 /build/assets/plus-Bih7FFuL.js ............... ~ 0.27ms
  2026-07-30 07:05:55 /build/assets/search-2FV0O587.js ............. ~ 0.46ms
  2026-07-30 07:05:55 /build/assets/pen-line-BR-1yHtz.js ........... ~ 0.60ms
  2026-07-30 07:05:55 /build/assets/trash-2-D4ioOfWV.js ............ ~ 0.77ms
  2026-07-30 07:05:55 /build/assets/dialog-DmaykLJj.js ............. ~ 0.56ms
  2026-07-30 07:05:55 /build/assets/app-logo-icon-D_xefw_3.js ...... ~ 0.20ms
  2026-07-30 07:05:55 /build/assets/utils-CHZDokM3.js .............. ~ 0.30ms
  2026-07-30 07:05:55 /build/assets/index-ckG7WCkF.js .............. ~ 0.43ms
  2026-07-30 07:05:55 /build/assets/app-layout-R_Jt4Ncg.js ......... ~ 1.06ms
  2026-07-30 07:05:55 /build/assets/app-CIWlN-lJ.js ................ ~ 1.18ms
  2026-07-30 07:05:55 /build/assets/index-luL_Ks2w.js .............. ~ 0.05ms
  2026-07-30 07:05:55 /build/assets/floating-ui.react-dom-BvBEi-Br.js  ~ 0.18ms
  2026-07-30 07:05:55 /build/assets/check-DCj8k6S6.js .............. ~ 0.23ms
  2026-07-30 07:05:55 /build/assets/app-Th_wb2pE.css ............... ~ 0.03ms
  2026-07-30 07:05:55 /logo4.jpeg .................................. ~ 0.03ms
  2026-07-30 07:05:55 /logo3.jpeg .................................. ~ 0.31ms
  2026-07-30 07:05:59 /units ....................................... ~ 0.11ms
  2026-07-30 07:05:59 /units ....................................... ~ 0.03ms
